

================================================================
== Vivado HLS Report for 'kernel'
================================================================
* Date:           Wed May 18 14:55:58 2022

* Version:        2019.2.1 (Build 2724168 on Thu Dec 05 05:19:09 MST 2019)
* Project:        out.prj
* Solution:       solution1
* Product family: virtexuplus
* Target device:  xcu280-fsvh2892-2L-e


================================================================
== Performance Estimates
================================================================
+ Timing: 
    * Summary: 
    +--------+---------+----------+------------+
    |  Clock |  Target | Estimated| Uncertainty|
    +--------+---------+----------+------------+
    |ap_clk  | 4.00 ns | 3.480 ns |   0.50 ns  |
    +--------+---------+----------+------------+

+ Latency: 
    * Summary: 
    +------------+------------+------------+------------+------------+------------+---------+
    |     Latency (cycles)    |    Latency (absolute)   |         Interval        | Pipeline|
    |     min    |     max    |     min    |     max    |     min    |     max    |   Type  |
    +------------+------------+------------+------------+------------+------------+---------+
    |  5909781505|  5909781505| 23.639 sec | 23.639 sec |  5909781505|  5909781505|   none  |
    +------------+------------+------------+------------+------------+------------+---------+

    + Detail: 
        * Instance: 
        N/A

        * Loop: 
        +-------------+------------+------------+----------+-----------+-----------+------+----------+
        |             |     Latency (cycles)    | Iteration|  Initiation Interval  | Trip |          |
        |  Loop Name  |     min    |     max    |  Latency |  achieved |   target  | Count| Pipelined|
        +-------------+------------+------------+----------+-----------+-----------+------+----------+
        |- l_s_i      |  5909781504|  5909781504|   5771271|          -|          -|  1024|    no    |
        | + l_j_init  |        1024|        1024|         1|          1|          1|  1024|    yes   |
        | + l_j       |     5769216|     5769216|      5634|          -|          -|  1024|    no    |
        |  ++ l_k     |        5632|        5632|        11|          -|          -|   512|    no    |
        | + l_j_back  |        1025|        1025|         3|          1|          1|  1024|    yes   |
        +-------------+------------+------------+----------+-----------+-----------+------+----------+



================================================================
== Utilization Estimates
================================================================
* Summary: 
+---------------------+---------+-------+---------+---------+-----+
|         Name        | BRAM_18K| DSP48E|    FF   |   LUT   | URAM|
+---------------------+---------+-------+---------+---------+-----+
|DSP                  |        -|      -|        -|        -|    -|
|Expression           |        -|      -|        0|      187|    -|
|FIFO                 |        -|      -|        -|        -|    -|
|Instance             |        -|      5|      348|      298|    -|
|Memory               |        2|      -|        0|        0|    0|
|Multiplexer          |        -|      -|        -|      192|    -|
|Register             |        -|      -|      269|        -|    -|
+---------------------+---------+-------+---------+---------+-----+
|Total                |        2|      5|      617|      677|    0|
+---------------------+---------+-------+---------+---------+-----+
|Available SLR        |     1344|   3008|   869120|   434560|  320|
+---------------------+---------+-------+---------+---------+-----+
|Utilization SLR (%)  |    ~0   |   ~0  |    ~0   |    ~0   |    0|
+---------------------+---------+-------+---------+---------+-----+
|Available            |     4032|   9024|  2607360|  1303680|  960|
+---------------------+---------+-------+---------+---------+-----+
|Utilization (%)      |    ~0   |   ~0  |    ~0   |    ~0   |    0|
+---------------------+---------+-------+---------+---------+-----+

+ Detail: 
    * Instance: 
    +-------------------------+----------------------+---------+-------+-----+-----+-----+
    |         Instance        |        Module        | BRAM_18K| DSP48E|  FF | LUT | URAM|
    +-------------------------+----------------------+---------+-------+-----+-----+-----+
    |kernel_fadd_32ns_bkb_U1  |kernel_fadd_32ns_bkb  |        0|      2|  205|  220|    0|
    |kernel_fmul_32ns_cud_U2  |kernel_fmul_32ns_cud  |        0|      3|  143|   78|    0|
    +-------------------------+----------------------+---------+-------+-----+-----+-----+
    |Total                    |                      |        0|      5|  348|  298|    0|
    +-------------------------+----------------------+---------+-------+-----+-----+-----+

    * DSP48E: 
    N/A

    * Memory: 
    +-------+-----------+---------+---+----+-----+------+-----+------+-------------+
    | Memory|   Module  | BRAM_18K| FF| LUT| URAM| Words| Bits| Banks| W*Bits*Banks|
    +-------+-----------+---------+---+----+-----+------+-----+------+-------------+
    |v4_U   |kernel_v4  |        2|  0|   0|    0|  1024|   32|     1|        32768|
    +-------+-----------+---------+---+----+-----+------+-----+------+-------------+
    |Total  |           |        2|  0|   0|    0|  1024|   32|     1|        32768|
    +-------+-----------+---------+---+----+-----+------+-----+------+-------------+

    * FIFO: 
    N/A

    * Expression: 
    +-------------------------+----------+-------+---+----+------------+------------+
    |      Variable Name      | Operation| DSP48E| FF| LUT| Bitwidth P0| Bitwidth P1|
    +-------------------------+----------+-------+---+----+------------+------------+
    |add_ln29_fu_300_p2       |     +    |      0|  0|  21|          21|          21|
    |add_ln30_fu_322_p2       |     +    |      0|  0|  21|          21|          21|
    |add_ln40_fu_353_p2       |     +    |      0|  0|  22|          22|          22|
    |i_fu_216_p2              |     +    |      0|  0|  11|          11|           1|
    |j_back_fu_338_p2         |     +    |      0|  0|  11|          11|           1|
    |j_fu_269_p2              |     +    |      0|  0|  11|          11|           1|
    |j_init_fu_228_p2         |     +    |      0|  0|  11|          11|           1|
    |k_fu_290_p2              |     +    |      0|  0|  10|          10|           1|
    |icmp_ln21_fu_210_p2      |   icmp   |      0|  0|  13|          11|          12|
    |icmp_ln23_fu_222_p2      |   icmp   |      0|  0|  13|          11|          12|
    |icmp_ln27_fu_263_p2      |   icmp   |      0|  0|  13|          11|          12|
    |icmp_ln28_fu_284_p2      |   icmp   |      0|  0|  13|          10|          11|
    |icmp_ln37_fu_332_p2      |   icmp   |      0|  0|  13|          11|          12|
    |ap_enable_pp1            |    xor   |      0|  0|   2|           1|           2|
    |ap_enable_reg_pp1_iter1  |    xor   |      0|  0|   2|           2|           1|
    +-------------------------+----------+-------+---+----+------------+------------+
    |Total                    |          |      0|  0| 187|         175|         131|
    +-------------------------+----------+-------+---+----+------------+------------+

    * Multiplexer: 
    +-------------------------+----+-----------+-----+-----------+
    |           Name          | LUT| Input Size| Bits| Total Bits|
    +-------------------------+----+-----------+-----+-----------+
    |ap_NS_fsm                |  93|         19|    1|         19|
    |ap_enable_reg_pp1_iter1  |   9|          2|    1|          2|
    |ap_enable_reg_pp1_iter2  |   9|          2|    1|          2|
    |i_0_reg_138              |   9|          2|   11|         22|
    |j_0_reg_161              |   9|          2|   11|         22|
    |j_back_0_reg_183         |   9|          2|   11|         22|
    |j_init_0_reg_150         |   9|          2|   11|         22|
    |k_0_reg_172              |   9|          2|   10|         20|
    |v4_address0              |  21|          4|   10|         40|
    |v4_d0                    |  15|          3|   32|         96|
    +-------------------------+----+-----------+-----+-----------+
    |Total                    | 192|         40|   99|        267|
    +-------------------------+----+-----------+-----+-----------+

    * Register: 
    +-------------------------+----+----+-----+-----------+
    |           Name          | FF | LUT| Bits| Const Bits|
    +-------------------------+----+----+-----+-----------+
    |add_ln40_reg_455         |  22|   0|   22|          0|
    |ap_CS_fsm                |  18|   0|   18|          0|
    |ap_enable_reg_pp1_iter0  |   1|   0|    1|          0|
    |ap_enable_reg_pp1_iter1  |   1|   0|    1|          0|
    |ap_enable_reg_pp1_iter2  |   1|   0|    1|          0|
    |i_0_reg_138              |  11|   0|   11|          0|
    |i_reg_366                |  11|   0|   11|          0|
    |icmp_ln37_reg_446        |   1|   0|    1|          0|
    |j_0_reg_161              |  11|   0|   11|          0|
    |j_back_0_reg_183         |  11|   0|   11|          0|
    |j_init_0_reg_150         |  11|   0|   11|          0|
    |j_reg_393                |  11|   0|   11|          0|
    |k_0_reg_172              |  10|   0|   10|          0|
    |k_reg_411                |  10|   0|   10|          0|
    |reg_204                  |  32|   0|   32|          0|
    |v11_reg_436              |  32|   0|   32|          0|
    |v12_reg_441              |  32|   0|   32|          0|
    |v4_addr_1_reg_403        |  10|   0|   10|          0|
    |zext_ln27_reg_384        |  11|   0|   22|         11|
    |zext_ln31_reg_398        |  11|   0|   21|         10|
    |zext_ln40_reg_379        |  11|   0|   21|         10|
    +-------------------------+----+----+-----+-----------+
    |Total                    | 269|   0|  300|         31|
    +-------------------------+----+----+-----+-----------+



================================================================
== Interface
================================================================
* Summary: 
+-------------+-----+-----+------------+--------------+--------------+
|  RTL Ports  | Dir | Bits|  Protocol  | Source Object|    C Type    |
+-------------+-----+-----+------------+--------------+--------------+
|ap_clk       |  in |    1| ap_ctrl_hs |    kernel    | return value |
|ap_rst       |  in |    1| ap_ctrl_hs |    kernel    | return value |
|ap_start     |  in |    1| ap_ctrl_hs |    kernel    | return value |
|ap_done      | out |    1| ap_ctrl_hs |    kernel    | return value |
|ap_idle      | out |    1| ap_ctrl_hs |    kernel    | return value |
|ap_ready     | out |    1| ap_ctrl_hs |    kernel    | return value |
|v0_address0  | out |   19|  ap_memory |      v0      |     array    |
|v0_ce0       | out |    1|  ap_memory |      v0      |     array    |
|v0_q0        |  in |   32|  ap_memory |      v0      |     array    |
|v1_address0  | out |   19|  ap_memory |      v1      |     array    |
|v1_ce0       | out |    1|  ap_memory |      v1      |     array    |
|v1_q0        |  in |   32|  ap_memory |      v1      |     array    |
|v2_address0  | out |   20|  ap_memory |      v2      |     array    |
|v2_ce0       | out |    1|  ap_memory |      v2      |     array    |
|v2_we0       | out |    1|  ap_memory |      v2      |     array    |
|v2_d0        | out |   32|  ap_memory |      v2      |     array    |
+-------------+-----+-----+------------+--------------+--------------+

