

================================================================
== Vivado HLS Report for 'kernel'
================================================================
* Date:           Wed May 18 14:54:26 2022

* Version:        2019.2.1 (Build 2724168 on Thu Dec 05 05:19:09 MST 2019)
* Project:        out.prj
* Solution:       solution1
* Product family: virtexuplus
* Target device:  xcu280-fsvh2892-2L-e


================================================================
== Performance Estimates
================================================================
+ Timing: 
    * Summary: 
    +--------+---------+----------+------------+
    |  Clock |  Target | Estimated| Uncertainty|
    +--------+---------+----------+------------+
    |ap_clk  | 4.00 ns | 3.480 ns |   0.50 ns  |
    +--------+---------+----------+------------+

+ Latency: 
    * Summary: 
    +------------+------------+------------+------------+------------+------------+---------+
    |     Latency (cycles)    |    Latency (absolute)   |         Interval        | Pipeline|
    |     min    |     max    |     min    |     max    |     min    |     max    |   Type  |
    +------------+------------+------------+------------+------------+------------+---------+
    |  6444550145|  6444550145| 25.778 sec | 25.778 sec |  6444550145|  6444550145|   none  |
    +------------+------------+------------+------------+------------+------------+---------+

    + Detail: 
        * Instance: 
        N/A

        * Loop: 
        +----------+------------+------------+----------+-----------+-----------+------+----------+
        |          |     Latency (cycles)    | Iteration|  Initiation Interval  | Trip |          |
        | Loop Name|     min    |     max    |  Latency |  achieved |   target  | Count| Pipelined|
        +----------+------------+------------+----------+-----------+-----------+------+----------+
        |- l_s_i   |  6444550144|  6444550144|   6293506|          -|          -|  1024|    no    |
        | + l_j    |     6293504|     6293504|      6146|          -|          -|  1024|    no    |
        |  ++ l_k  |        6144|        6144|        12|          -|          -|   512|    no    |
        +----------+------------+------------+----------+-----------+-----------+------+----------+



================================================================
== Utilization Estimates
================================================================
* Summary: 
+---------------------+---------+-------+---------+---------+-----+
|         Name        | BRAM_18K| DSP48E|    FF   |   LUT   | URAM|
+---------------------+---------+-------+---------+---------+-----+
|DSP                  |        -|      -|        -|        -|    -|
|Expression           |        -|      -|        0|      135|    -|
|FIFO                 |        -|      -|        -|        -|    -|
|Instance             |        -|      5|      348|      298|    -|
|Memory               |        -|      -|        -|        -|    -|
|Multiplexer          |        -|      -|        -|       92|    -|
|Register             |        -|      -|      228|        -|    -|
+---------------------+---------+-------+---------+---------+-----+
|Total                |        0|      5|      576|      525|    0|
+---------------------+---------+-------+---------+---------+-----+
|Available SLR        |     1344|   3008|   869120|   434560|  320|
+---------------------+---------+-------+---------+---------+-----+
|Utilization SLR (%)  |        0|   ~0  |    ~0   |    ~0   |    0|
+---------------------+---------+-------+---------+---------+-----+
|Available            |     4032|   9024|  2607360|  1303680|  960|
+---------------------+---------+-------+---------+---------+-----+
|Utilization (%)      |        0|   ~0  |    ~0   |    ~0   |    0|
+---------------------+---------+-------+---------+---------+-----+

+ Detail: 
    * Instance: 
    +-------------------------+----------------------+---------+-------+-----+-----+-----+
    |         Instance        |        Module        | BRAM_18K| DSP48E|  FF | LUT | URAM|
    +-------------------------+----------------------+---------+-------+-----+-----+-----+
    |kernel_fadd_32ns_bkb_U1  |kernel_fadd_32ns_bkb  |        0|      2|  205|  220|    0|
    |kernel_fmul_32ns_cud_U2  |kernel_fmul_32ns_cud  |        0|      3|  143|   78|    0|
    +-------------------------+----------------------+---------+-------+-----+-----+-----+
    |Total                    |                      |        0|      5|  348|  298|    0|
    +-------------------------+----------------------+---------+-------+-----+-----+-----+

    * DSP48E: 
    N/A

    * Memory: 
    N/A

    * FIFO: 
    N/A

    * Expression: 
    +---------------------+----------+-------+---+----+------------+------------+
    |    Variable Name    | Operation| DSP48E| FF| LUT| Bitwidth P0| Bitwidth P1|
    +---------------------+----------+-------+---+----+------------+------------+
    |add_ln24_fu_215_p2   |     +    |      0|  0|  21|          21|          21|
    |add_ln25_fu_237_p2   |     +    |      0|  0|  21|          21|          21|
    |add_ln26_fu_189_p2   |     +    |      0|  0|  22|          22|          22|
    |i_fu_139_p2          |     +    |      0|  0|  11|          11|           1|
    |j_fu_175_p2          |     +    |      0|  0|  11|          11|           1|
    |k_fu_205_p2          |     +    |      0|  0|  10|          10|           1|
    |icmp_ln21_fu_133_p2  |   icmp   |      0|  0|  13|          11|          12|
    |icmp_ln22_fu_169_p2  |   icmp   |      0|  0|  13|          11|          12|
    |icmp_ln23_fu_199_p2  |   icmp   |      0|  0|  13|          10|          11|
    +---------------------+----------+-------+---+----+------------+------------+
    |Total                |          |      0|  0| 135|         128|         102|
    +---------------------+----------+-------+---+----+------------+------------+

    * Multiplexer: 
    +-------------+----+-----------+-----+-----------+
    |     Name    | LUT| Input Size| Bits| Total Bits|
    +-------------+----+-----------+-----+-----------+
    |ap_NS_fsm    |  65|         16|    1|         16|
    |i_0_reg_90   |   9|          2|   11|         22|
    |j_0_reg_101  |   9|          2|   11|         22|
    |k_0_reg_112  |   9|          2|   10|         20|
    +-------------+----+-----------+-----+-----------+
    |Total        |  92|         22|   33|         80|
    +-------------+----+-----------+-----+-----------+

    * Register: 
    +---------------------+----+----+-----+-----------+
    |         Name        | FF | LUT| Bits| Const Bits|
    +---------------------+----+----+-----+-----------+
    |ap_CS_fsm            |  15|   0|   15|          0|
    |i_0_reg_90           |  11|   0|   11|          0|
    |i_reg_250            |  11|   0|   11|          0|
    |j_0_reg_101          |  11|   0|   11|          0|
    |j_reg_268            |  11|   0|   11|          0|
    |k_0_reg_112          |  10|   0|   10|          0|
    |k_reg_286            |  10|   0|   10|          0|
    |v10_reg_321          |  32|   0|   32|          0|
    |v2_addr_reg_278      |  20|   0|   20|          0|
    |v8_reg_311           |  32|   0|   32|          0|
    |v9_reg_316           |  32|   0|   32|          0|
    |zext_ln22_reg_260    |  11|   0|   22|         11|
    |zext_ln26_1_reg_273  |  11|   0|   21|         10|
    |zext_ln26_reg_255    |  11|   0|   21|         10|
    +---------------------+----+----+-----+-----------+
    |Total                | 228|   0|  259|         31|
    +---------------------+----+----+-----+-----------+



================================================================
== Interface
================================================================
* Summary: 
+-------------+-----+-----+------------+--------------+--------------+
|  RTL Ports  | Dir | Bits|  Protocol  | Source Object|    C Type    |
+-------------+-----+-----+------------+--------------+--------------+
|ap_clk       |  in |    1| ap_ctrl_hs |    kernel    | return value |
|ap_rst       |  in |    1| ap_ctrl_hs |    kernel    | return value |
|ap_start     |  in |    1| ap_ctrl_hs |    kernel    | return value |
|ap_done      | out |    1| ap_ctrl_hs |    kernel    | return value |
|ap_idle      | out |    1| ap_ctrl_hs |    kernel    | return value |
|ap_ready     | out |    1| ap_ctrl_hs |    kernel    | return value |
|v0_address0  | out |   19|  ap_memory |      v0      |     array    |
|v0_ce0       | out |    1|  ap_memory |      v0      |     array    |
|v0_q0        |  in |   32|  ap_memory |      v0      |     array    |
|v1_address0  | out |   19|  ap_memory |      v1      |     array    |
|v1_ce0       | out |    1|  ap_memory |      v1      |     array    |
|v1_q0        |  in |   32|  ap_memory |      v1      |     array    |
|v2_address0  | out |   20|  ap_memory |      v2      |     array    |
|v2_ce0       | out |    1|  ap_memory |      v2      |     array    |
|v2_we0       | out |    1|  ap_memory |      v2      |     array    |
|v2_d0        | out |   32|  ap_memory |      v2      |     array    |
|v2_q0        |  in |   32|  ap_memory |      v2      |     array    |
+-------------+-----+-----+------------+--------------+--------------+

