

================================================================
== Vivado HLS Report for 'kernel'
================================================================
* Date:           Wed May 18 14:59:06 2022

* Version:        2019.2.1 (Build 2724168 on Thu Dec 05 05:19:09 MST 2019)
* Project:        out.prj
* Solution:       solution1
* Product family: virtexuplus
* Target device:  xcu280-fsvh2892-2L-e


================================================================
== Performance Estimates
================================================================
+ Timing: 
    * Summary: 
    +--------+---------+----------+------------+
    |  Clock |  Target | Estimated| Uncertainty|
    +--------+---------+----------+------------+
    |ap_clk  | 4.00 ns | 3.480 ns |   0.50 ns  |
    +--------+---------+----------+------------+

+ Latency: 
    * Summary: 
    +-----------+-----------+-----------+-----------+-----------+-----------+---------+
    |    Latency (cycles)   |   Latency (absolute)  |        Interval       | Pipeline|
    |    min    |    max    |    min    |    max    |    min    |    max    |   Type  |
    +-----------+-----------+-----------+-----------+-----------+-----------+---------+
    |  538985473|  538985473| 2.156 sec | 2.156 sec |  538985473|  538985473|   none  |
    +-----------+-----------+-----------+-----------+-----------+-----------+---------+

    + Detail: 
        * Instance: 
        N/A

        * Loop: 
        +-------------+-----------+-----------+----------+-----------+-----------+--------+----------+
        |             |    Latency (cycles)   | Iteration|  Initiation Interval  |  Trip  |          |
        |  Loop Name  |    min    |    max    |  Latency |  achieved |   target  |  Count | Pipelined|
        +-------------+-----------+-----------+----------+-----------+-----------+--------+----------+
        |- l_s_i      |  538985472|  538985472|    526353|          -|          -|    1024|    no    |
        | + l_j_init  |       1024|       1024|         1|          1|          1|    1024|    yes   |
        | + l_k_l_j   |     524297|     524297|        11|          1|          1|  524288|    yes   |
        | + l_j_back  |       1025|       1025|         3|          1|          1|    1024|    yes   |
        +-------------+-----------+-----------+----------+-----------+-----------+--------+----------+



================================================================
== Utilization Estimates
================================================================
* Summary: 
+---------------------+---------+-------+---------+---------+-----+
|         Name        | BRAM_18K| DSP48E|    FF   |   LUT   | URAM|
+---------------------+---------+-------+---------+---------+-----+
|DSP                  |        -|      -|        -|        -|    -|
|Expression           |        -|      -|        0|      239|    -|
|FIFO                 |        -|      -|        -|        -|    -|
|Instance             |        -|      5|      348|      298|    -|
|Memory               |        2|      -|        0|        0|    0|
|Multiplexer          |        -|      -|        -|      182|    -|
|Register             |        0|      -|      397|       64|    -|
+---------------------+---------+-------+---------+---------+-----+
|Total                |        2|      5|      745|      783|    0|
+---------------------+---------+-------+---------+---------+-----+
|Available SLR        |     1344|   3008|   869120|   434560|  320|
+---------------------+---------+-------+---------+---------+-----+
|Utilization SLR (%)  |    ~0   |   ~0  |    ~0   |    ~0   |    0|
+---------------------+---------+-------+---------+---------+-----+
|Available            |     4032|   9024|  2607360|  1303680|  960|
+---------------------+---------+-------+---------+---------+-----+
|Utilization (%)      |    ~0   |   ~0  |    ~0   |    ~0   |    0|
+---------------------+---------+-------+---------+---------+-----+

+ Detail: 
    * Instance: 
    +-------------------------+----------------------+---------+-------+-----+-----+-----+
    |         Instance        |        Module        | BRAM_18K| DSP48E|  FF | LUT | URAM|
    +-------------------------+----------------------+---------+-------+-----+-----+-----+
    |kernel_fadd_32ns_bkb_U1  |kernel_fadd_32ns_bkb  |        0|      2|  205|  220|    0|
    |kernel_fmul_32ns_cud_U2  |kernel_fmul_32ns_cud  |        0|      3|  143|   78|    0|
    +-------------------------+----------------------+---------+-------+-----+-----+-----+
    |Total                    |                      |        0|      5|  348|  298|    0|
    +-------------------------+----------------------+---------+-------+-----+-----+-----+

    * DSP48E: 
    N/A

    * Memory: 
    +-------+-----------+---------+---+----+-----+------+-----+------+-------------+
    | Memory|   Module  | BRAM_18K| FF| LUT| URAM| Words| Bits| Banks| W*Bits*Banks|
    +-------+-----------+---------+---+----+-----+------+-----+------+-------------+
    |v4_U   |kernel_v4  |        2|  0|   0|    0|  1024|   32|     1|        32768|
    +-------+-----------+---------+---+----+-----+------+-----+------+-------------+
    |Total  |           |        2|  0|   0|    0|  1024|   32|     1|        32768|
    +-------+-----------+---------+---+----+-----+------+-----+------+-------------+

    * FIFO: 
    N/A

    * Expression: 
    +-------------------------+----------+-------+---+----+------------+------------+
    |      Variable Name      | Operation| DSP48E| FF| LUT| Bitwidth P0| Bitwidth P1|
    +-------------------------+----------+-------+---+----+------------+------------+
    |add_ln27_fu_289_p2       |     +    |      0|  0|  20|          20|           1|
    |add_ln30_fu_339_p2       |     +    |      0|  0|  21|          21|          21|
    |add_ln31_fu_358_p2       |     +    |      0|  0|  21|          21|          21|
    |add_ln41_fu_396_p2       |     +    |      0|  0|  22|          22|          22|
    |i_fu_236_p2              |     +    |      0|  0|  11|          11|           1|
    |j_back_fu_381_p2         |     +    |      0|  0|  11|          11|           1|
    |j_fu_369_p2              |     +    |      0|  0|  11|          11|           1|
    |j_init_fu_248_p2         |     +    |      0|  0|  11|          11|           1|
    |k_fu_295_p2              |     +    |      0|  0|  10|          10|           1|
    |icmp_ln21_fu_230_p2      |   icmp   |      0|  0|  13|          11|          12|
    |icmp_ln23_fu_242_p2      |   icmp   |      0|  0|  13|          11|          12|
    |icmp_ln27_fu_283_p2      |   icmp   |      0|  0|  20|          20|          21|
    |icmp_ln28_fu_301_p2      |   icmp   |      0|  0|  13|          11|          12|
    |icmp_ln38_fu_375_p2      |   icmp   |      0|  0|  13|          11|          12|
    |select_ln30_1_fu_315_p3  |  select  |      0|  0|  10|           1|          10|
    |select_ln30_fu_307_p3    |  select  |      0|  0|  11|           1|           1|
    |ap_enable_pp1            |    xor   |      0|  0|   2|           1|           2|
    |ap_enable_pp2            |    xor   |      0|  0|   2|           1|           2|
    |ap_enable_reg_pp1_iter1  |    xor   |      0|  0|   2|           2|           1|
    |ap_enable_reg_pp2_iter1  |    xor   |      0|  0|   2|           2|           1|
    +-------------------------+----------+-------+---+----+------------+------------+
    |Total                    |          |      0|  0| 239|         210|         156|
    +-------------------------+----------+-------+---+----+------------+------------+

    * Multiplexer: 
    +------------------------------+----+-----------+-----+-----------+
    |             Name             | LUT| Input Size| Bits| Total Bits|
    +------------------------------+----+-----------+-----+-----------+
    |ap_NS_fsm                     |  44|          9|    1|          9|
    |ap_enable_reg_pp1_iter1       |   9|          2|    1|          2|
    |ap_enable_reg_pp1_iter10      |   9|          2|    1|          2|
    |ap_enable_reg_pp2_iter1       |   9|          2|    1|          2|
    |ap_enable_reg_pp2_iter2       |   9|          2|    1|          2|
    |ap_phi_mux_k_0_phi_fu_184_p4  |   9|          2|   10|         20|
    |i_0_reg_146                   |   9|          2|   11|         22|
    |indvar_flatten_reg_169        |   9|          2|   20|         40|
    |j_0_reg_191                   |   9|          2|   11|         22|
    |j_back_0_reg_202              |   9|          2|   11|         22|
    |j_init_0_reg_158              |   9|          2|   11|         22|
    |k_0_reg_180                   |   9|          2|   10|         20|
    |reg_223                       |   9|          2|   32|         64|
    |v4_address0                   |  15|          3|   10|         30|
    |v4_address1                   |  15|          3|   10|         30|
    +------------------------------+----+-----------+-----+-----------+
    |Total                         | 182|         39|  141|        309|
    +------------------------------+----+-----------+-----+-----------+

    * Register: 
    +--------------------------+----+----+-----+-----------+
    |           Name           | FF | LUT| Bits| Const Bits|
    +--------------------------+----+----+-----+-----------+
    |add_ln41_reg_496          |  22|   0|   22|          0|
    |ap_CS_fsm                 |   8|   0|    8|          0|
    |ap_enable_reg_pp1_iter0   |   1|   0|    1|          0|
    |ap_enable_reg_pp1_iter1   |   1|   0|    1|          0|
    |ap_enable_reg_pp1_iter10  |   1|   0|    1|          0|
    |ap_enable_reg_pp1_iter2   |   1|   0|    1|          0|
    |ap_enable_reg_pp1_iter3   |   1|   0|    1|          0|
    |ap_enable_reg_pp1_iter4   |   1|   0|    1|          0|
    |ap_enable_reg_pp1_iter5   |   1|   0|    1|          0|
    |ap_enable_reg_pp1_iter6   |   1|   0|    1|          0|
    |ap_enable_reg_pp1_iter7   |   1|   0|    1|          0|
    |ap_enable_reg_pp1_iter8   |   1|   0|    1|          0|
    |ap_enable_reg_pp1_iter9   |   1|   0|    1|          0|
    |ap_enable_reg_pp2_iter0   |   1|   0|    1|          0|
    |ap_enable_reg_pp2_iter1   |   1|   0|    1|          0|
    |ap_enable_reg_pp2_iter2   |   1|   0|    1|          0|
    |i_0_reg_146               |  11|   0|   11|          0|
    |i_reg_409                 |  11|   0|   11|          0|
    |icmp_ln27_reg_432         |   1|   0|    1|          0|
    |icmp_ln38_reg_487         |   1|   0|    1|          0|
    |indvar_flatten_reg_169    |  20|   0|   20|          0|
    |j_0_reg_191               |  11|   0|   11|          0|
    |j_back_0_reg_202          |  11|   0|   11|          0|
    |j_init_0_reg_158          |  11|   0|   11|          0|
    |k_0_reg_180               |  10|   0|   10|          0|
    |reg_223                   |  32|   0|   32|          0|
    |select_ln30_1_reg_441     |  10|   0|   10|          0|
    |v11_reg_477               |  32|   0|   32|          0|
    |v12_reg_482               |  32|   0|   32|          0|
    |v4_addr_2_reg_456         |  10|   0|   10|          0|
    |zext_ln27_reg_427         |  11|   0|   22|         11|
    |zext_ln41_reg_422         |  11|   0|   21|         10|
    |icmp_ln27_reg_432         |  64|  32|    1|          0|
    |v4_addr_2_reg_456         |  64|  32|   10|          0|
    +--------------------------+----+----+-----+-----------+
    |Total                     | 397|  64|  301|         21|
    +--------------------------+----+----+-----+-----------+



================================================================
== Interface
================================================================
* Summary: 
+-------------+-----+-----+------------+--------------+--------------+
|  RTL Ports  | Dir | Bits|  Protocol  | Source Object|    C Type    |
+-------------+-----+-----+------------+--------------+--------------+
|ap_clk       |  in |    1| ap_ctrl_hs |    kernel    | return value |
|ap_rst       |  in |    1| ap_ctrl_hs |    kernel    | return value |
|ap_start     |  in |    1| ap_ctrl_hs |    kernel    | return value |
|ap_done      | out |    1| ap_ctrl_hs |    kernel    | return value |
|ap_idle      | out |    1| ap_ctrl_hs |    kernel    | return value |
|ap_ready     | out |    1| ap_ctrl_hs |    kernel    | return value |
|v0_address0  | out |   19|  ap_memory |      v0      |     array    |
|v0_ce0       | out |    1|  ap_memory |      v0      |     array    |
|v0_q0        |  in |   32|  ap_memory |      v0      |     array    |
|v1_address0  | out |   19|  ap_memory |      v1      |     array    |
|v1_ce0       | out |    1|  ap_memory |      v1      |     array    |
|v1_q0        |  in |   32|  ap_memory |      v1      |     array    |
|v2_address0  | out |   20|  ap_memory |      v2      |     array    |
|v2_ce0       | out |    1|  ap_memory |      v2      |     array    |
|v2_we0       | out |    1|  ap_memory |      v2      |     array    |
|v2_d0        | out |   32|  ap_memory |      v2      |     array    |
+-------------+-----+-----+------------+--------------+--------------+

